2026-09-12 20:50:50,964 - INFO - PRC-QUBO + SQA stress data generation: cameras=20000 servers=800 capacity_scale=1.000
2026-09-12 20:50:51,796 - INFO - total load 88453.0, base capacity 372165.7, scaled capacity 372165.7, utilization 23.8%
2026-09-12 20:50:51,797 - INFO - PRC-QUBO + SQA processing 250 batches
2026-09-12 20:51:10,040 - INFO - batch 10: assigned 80, coverage 4.00%, success 100.0%, failed 0
2026-09-12 20:51:28,492 - INFO - batch 20: assigned 80, coverage 8.00%, success 100.0%, failed 0
2026-09-12 20:51:46,663 - INFO - batch 30: assigned 80, coverage 12.00%, success 100.0%, failed 0
2026-09-12 20:52:04,796 - INFO - batch 40: assigned 80, coverage 16.00%, success 100.0%, failed 0
2026-09-12 20:52:22,811 - INFO - batch 50: assigned 80, coverage 20.00%, success 100.0%, failed 0
2026-09-12 20:52:41,394 - INFO - batch 60: assigned 80, coverage 24.00%, success 100.0%, failed 0
2026-09-12 20:52:59,786 - INFO - batch 70: assigned 80, coverage 28.00%, success 100.0%, failed 0
2026-09-12 20:53:17,849 - INFO - batch 80: assigned 80, coverage 32.00%, success 100.0%, failed 0
2026-09-12 20:53:36,405 - INFO - batch 90: assigned 80, coverage 36.00%, success 100.0%, failed 0
2026-09-12 20:53:54,870 - INFO - batch 100: assigned 80, coverage 40.00%, success 100.0%, failed 0
2026-09-12 20:54:13,282 - INFO - batch 110: assigned 80, coverage 44.00%, success 100.0%, failed 0
2026-09-12 20:54:31,740 - INFO - batch 120: assigned 80, coverage 48.00%, success 100.0%, failed 0
2026-09-12 20:54:54,594 - INFO - batch 130: assigned 80, coverage 52.00%, success 100.0%, failed 0
2026-09-12 20:55:54,471 - INFO - batch 140: assigned 80, coverage 56.00%, success 100.0%, failed 0
2026-09-12 20:56:54,105 - INFO - batch 150: assigned 80, coverage 60.00%, success 100.0%, failed 0
2026-09-12 20:57:52,782 - INFO - batch 160: assigned 80, coverage 64.00%, success 100.0%, failed 0
2026-09-12 20:58:51,154 - INFO - batch 170: assigned 80, coverage 68.00%, success 100.0%, failed 0
2026-09-12 20:59:46,745 - INFO - batch 180: assigned 80, coverage 72.00%, success 100.0%, failed 0
2026-09-12 21:00:40,104 - INFO - batch 190: assigned 80, coverage 76.00%, success 100.0%, failed 0
2026-09-12 21:01:00,698 - INFO - batch 200: assigned 80, coverage 80.00%, success 100.0%, failed 0
2026-09-12 21:01:18,525 - INFO - batch 210: assigned 80, coverage 84.00%, success 100.0%, failed 0
2026-09-12 21:01:36,546 - INFO - batch 220: assigned 80, coverage 88.00%, success 100.0%, failed 0
2026-09-12 21:01:54,399 - INFO - batch 230: assigned 80, coverage 92.00%, success 100.0%, failed 0
2026-09-12 21:02:12,301 - INFO - batch 240: assigned 80, coverage 96.00%, success 100.0%, failed 0
2026-09-12 21:02:28,924 - INFO - 99.50% coverage threshold reached, completing
