2026-09-12 21:13:33,002 - INFO - PRC-QUBO + SQA stress data generation: cameras=20000 servers=800 capacity_scale=0.330
2026-09-12 21:13:34,756 - INFO - total load 88453.0, base capacity 372165.7, scaled capacity 122814.7, utilization 72.0%
2026-09-12 21:13:34,759 - INFO - PRC-QUBO + SQA processing 250 batches
2026-09-12 21:14:33,497 - INFO - batch 10: assigned 80, coverage 4.00%, success 100.0%, failed 0
2026-09-12 21:15:33,632 - INFO - batch 20: assigned 80, coverage 8.00%, success 100.0%, failed 0
2026-09-12 21:16:34,254 - INFO - batch 30: assigned 80, coverage 12.00%, success 100.0%, failed 0
2026-09-12 21:17:10,747 - INFO - batch 40: assigned 80, coverage 15.99%, success 100.0%, failed 0
2026-09-12 21:17:28,574 - INFO - batch 50: assigned 80, coverage 19.99%, success 100.0%, failed 0
2026-09-12 21:17:46,286 - INFO - batch 60: assigned 80, coverage 23.99%, success 100.0%, failed 0
2026-09-12 21:18:04,351 - INFO - batch 70: assigned 80, coverage 27.99%, success 100.0%, failed 0
2026-09-12 21:18:24,946 - INFO - batch 80: assigned 80, coverage 31.99%, success 100.0%, failed 0
2026-09-12 21:18:43,659 - INFO - batch 90: assigned 80, coverage 35.99%, success 100.0%, failed 0
2026-09-12 21:19:01,289 - INFO - batch 100: assigned 80, coverage 39.99%, success 100.0%, failed 0
2026-09-12 21:19:19,266 - INFO - batch 110: assigned 80, coverage 43.99%, success 100.0%, failed 0
2026-09-12 21:19:37,003 - INFO - batch 120: assigned 80, coverage 47.99%, success 100.0%, failed 0
2026-09-12 21:19:54,435 - INFO - batch 130: assigned 80, coverage 51.99%, success 100.0%, failed 0
2026-09-12 21:20:12,668 - INFO - batch 140: assigned 80, coverage 55.99%, success 100.0%, failed 0
2026-09-12 21:20:30,342 - INFO - batch 150: assigned 80, coverage 59.99%, success 100.0%, failed 0
2026-09-12 21:20:48,047 - INFO - batch 160: assigned 80, coverage 63.99%, success 100.0%, failed 0
2026-09-12 21:21:12,276 - INFO - batch 170: assigned 80, coverage 67.99%, success 100.0%, failed 0
2026-09-12 21:22:11,529 - INFO - batch 180: assigned 80, coverage 71.99%, success 100.0%, failed 0
2026-09-12 21:23:11,480 - INFO - batch 190: assigned 80, coverage 75.99%, success 100.0%, failed 0
2026-09-12 21:24:10,988 - INFO - batch 200: assigned 80, coverage 79.99%, success 100.0%, failed 0
2026-09-12 21:25:11,362 - INFO - batch 210: assigned 80, coverage 83.99%, success 100.0%, failed 0
2026-09-12 21:26:11,057 - INFO - batch 220: assigned 80, coverage 87.99%, success 100.0%, failed 0
2026-09-12 21:27:10,766 - INFO - batch 230: assigned 80, coverage 91.99%, success 100.0%, failed 0
2026-09-12 21:28:10,197 - INFO - batch 240: assigned 80, coverage 95.99%, success 100.0%, failed 0
2026-09-12 21:29:05,669 - INFO - 99.50% coverage threshold reached, completing
