2026-09-12 20:24:29,442 - INFO - PRC-QUBO + SQA stress data generation: cameras=20000 servers=800 capacity_scale=0.250
2026-09-12 20:24:30,060 - INFO - total load 88453.0, base capacity 372165.7, scaled capacity 93041.4, utilization 95.1%
2026-09-12 20:24:30,061 - INFO - PRC-QUBO + SQA processing 250 batches
2026-09-12 20:24:34,343 - INFO - batch 10: assigned 80, coverage 4.00%, success 100.0%, failed 0
2026-09-12 20:24:38,647 - INFO - batch 20: assigned 80, coverage 8.00%, success 100.0%, failed 0
2026-09-12 20:24:43,007 - INFO - batch 30: assigned 80, coverage 12.00%, success 100.0%, failed 0
2026-09-12 20:24:47,277 - INFO - batch 40: assigned 80, coverage 16.00%, success 100.0%, failed 0
2026-09-12 20:24:51,661 - INFO - batch 50: assigned 80, coverage 20.00%, success 100.0%, failed 0
2026-09-12 20:24:55,971 - INFO - batch 60: assigned 80, coverage 24.00%, success 100.0%, failed 0
2026-09-12 20:25:00,337 - INFO - batch 70: assigned 80, coverage 28.00%, success 100.0%, failed 0
2026-09-12 20:25:04,787 - INFO - batch 80: assigned 80, coverage 32.00%, success 100.0%, failed 0
2026-09-12 20:25:09,124 - INFO - batch 90: assigned 80, coverage 36.00%, success 100.0%, failed 0
2026-09-12 20:25:13,458 - INFO - batch 100: assigned 80, coverage 40.00%, success 100.0%, failed 0
2026-09-12 20:25:17,774 - INFO - batch 110: assigned 80, coverage 44.00%, success 100.0%, failed 0
2026-09-12 20:25:22,176 - INFO - batch 120: assigned 80, coverage 48.00%, success 100.0%, failed 0
2026-09-12 20:25:26,683 - INFO - batch 130: assigned 80, coverage 52.00%, success 100.0%, failed 0
2026-09-12 20:25:31,132 - INFO - batch 140: assigned 80, coverage 56.00%, success 100.0%, failed 0
2026-09-12 20:25:35,494 - INFO - batch 150: assigned 80, coverage 60.00%, success 100.0%, failed 0
2026-09-12 20:25:39,912 - INFO - batch 160: assigned 80, coverage 64.00%, success 100.0%, failed 0
2026-09-12 20:25:44,365 - INFO - batch 170: assigned 80, coverage 68.00%, success 100.0%, failed 0
2026-09-12 20:25:48,647 - INFO - batch 180: assigned 80, coverage 72.00%, success 100.0%, failed 0
2026-09-12 20:25:52,968 - INFO - batch 190: assigned 80, coverage 76.00%, success 100.0%, failed 0
2026-09-12 20:25:57,330 - INFO - batch 200: assigned 80, coverage 80.00%, success 100.0%, failed 0
2026-09-12 20:26:01,675 - INFO - batch 210: assigned 80, coverage 84.00%, success 100.0%, failed 0
2026-09-12 20:26:05,975 - INFO - batch 220: assigned 80, coverage 88.00%, success 100.0%, failed 0
2026-09-12 20:26:10,317 - INFO - batch 230: assigned 80, coverage 92.00%, success 100.0%, failed 0
2026-09-12 20:26:14,680 - INFO - batch 240: assigned 80, coverage 96.00%, success 100.0%, failed 0
2026-09-12 20:26:18,626 - INFO - 99.50% coverage threshold reached, completing
