2026-09-12 20:32:38,619 - INFO - PRC-QUBO + SQA stress data generation: cameras=20000 servers=800 capacity_scale=0.250
2026-09-12 20:32:39,197 - INFO - total load 88453.0, base capacity 372165.7, scaled capacity 93041.4, utilization 95.1%
2026-09-12 20:32:39,199 - INFO - PRC-QUBO + SQA processing 250 batches
2026-09-12 20:32:58,962 - INFO - batch 10: assigned 80, coverage 4.00%, success 100.0%, failed 0
2026-09-12 20:33:19,291 - INFO - batch 20: assigned 80, coverage 8.00%, success 100.0%, failed 0
2026-09-12 20:33:39,693 - INFO - batch 30: assigned 80, coverage 12.00%, success 100.0%, failed 0
2026-09-12 20:34:00,363 - INFO - batch 40: assigned 80, coverage 16.00%, success 100.0%, failed 0
2026-09-12 20:34:20,684 - INFO - batch 50: assigned 80, coverage 20.00%, success 100.0%, failed 0
2026-09-12 20:34:41,270 - INFO - batch 60: assigned 80, coverage 24.00%, success 100.0%, failed 0
2026-09-12 20:35:00,885 - INFO - batch 70: assigned 80, coverage 28.00%, success 100.0%, failed 0
2026-09-12 20:35:21,074 - INFO - batch 80: assigned 80, coverage 32.00%, success 100.0%, failed 0
2026-09-12 20:35:41,521 - INFO - batch 90: assigned 80, coverage 36.00%, success 100.0%, failed 0
2026-09-12 20:36:02,152 - INFO - batch 100: assigned 80, coverage 40.00%, success 100.0%, failed 0
2026-09-12 20:36:22,293 - INFO - batch 110: assigned 80, coverage 44.00%, success 100.0%, failed 0
2026-09-12 20:36:42,265 - INFO - batch 120: assigned 80, coverage 48.00%, success 100.0%, failed 0
2026-09-12 20:37:02,528 - INFO - batch 130: assigned 80, coverage 52.00%, success 100.0%, failed 0
2026-09-12 20:37:23,090 - INFO - batch 140: assigned 80, coverage 56.00%, success 100.0%, failed 0
2026-09-12 20:37:42,784 - INFO - batch 150: assigned 80, coverage 60.00%, success 100.0%, failed 0
2026-09-12 20:38:02,497 - INFO - batch 160: assigned 80, coverage 64.00%, success 100.0%, failed 0
2026-09-12 20:38:23,950 - INFO - batch 170: assigned 80, coverage 68.00%, success 100.0%, failed 0
2026-09-12 20:38:44,416 - INFO - batch 180: assigned 80, coverage 72.00%, success 100.0%, failed 0
2026-09-12 20:39:04,551 - INFO - batch 190: assigned 80, coverage 76.00%, success 100.0%, failed 0
2026-09-12 20:39:24,851 - INFO - batch 200: assigned 80, coverage 80.00%, success 100.0%, failed 0
2026-09-12 20:39:45,905 - INFO - batch 210: assigned 80, coverage 84.00%, success 100.0%, failed 0
2026-09-12 20:40:05,620 - INFO - batch 220: assigned 80, coverage 88.00%, success 100.0%, failed 0
2026-09-12 20:40:26,650 - INFO - batch 230: assigned 80, coverage 92.00%, success 100.0%, failed 0
2026-09-12 20:40:47,018 - INFO - batch 240: assigned 80, coverage 96.00%, success 100.0%, failed 0
2026-09-12 20:41:05,391 - INFO - 99.50% coverage threshold reached, completing
