2026-09-12 20:18:29,814 - INFO - PRC-QUBO + SQA stress data generation: cameras=20000 servers=800 capacity_scale=0.250
2026-09-12 20:18:30,306 - INFO - total load 88453.0, base capacity 372165.7, scaled capacity 93041.4, utilization 95.1%
2026-09-12 20:18:30,307 - INFO - PRC-QUBO + SQA processing 250 batches
2026-09-12 20:18:49,903 - INFO - batch 10: assigned 80, coverage 4.00%, success 100.0%, failed 0
2026-09-12 20:19:10,620 - INFO - batch 20: assigned 80, coverage 8.00%, success 100.0%, failed 0
2026-09-12 20:19:31,267 - INFO - batch 30: assigned 80, coverage 12.00%, success 100.0%, failed 0
2026-09-12 20:19:51,433 - INFO - batch 40: assigned 80, coverage 16.00%, success 100.0%, failed 0
2026-09-12 20:20:10,699 - INFO - batch 50: assigned 80, coverage 20.00%, success 100.0%, failed 0
2026-09-12 20:20:23,530 - INFO - batch 60: assigned 80, coverage 24.00%, success 100.0%, failed 0
2026-09-12 20:20:36,548 - INFO - batch 70: assigned 80, coverage 28.00%, success 100.0%, failed 0
2026-09-12 20:20:49,397 - INFO - batch 80: assigned 80, coverage 32.00%, success 100.0%, failed 0
2026-09-12 20:21:02,284 - INFO - batch 90: assigned 80, coverage 36.00%, success 100.0%, failed 0
2026-09-12 20:21:15,406 - INFO - batch 100: assigned 80, coverage 40.00%, success 100.0%, failed 0
2026-09-12 20:21:28,422 - INFO - batch 110: assigned 80, coverage 44.00%, success 100.0%, failed 0
2026-09-12 20:21:41,481 - INFO - batch 120: assigned 80, coverage 48.00%, success 100.0%, failed 0
2026-09-12 20:21:54,291 - INFO - batch 130: assigned 80, coverage 52.00%, success 100.0%, failed 0
2026-09-12 20:22:07,188 - INFO - batch 140: assigned 80, coverage 56.00%, success 100.0%, failed 0
2026-09-12 20:22:20,085 - INFO - batch 150: assigned 80, coverage 60.00%, success 100.0%, failed 0
2026-09-12 20:22:33,313 - INFO - batch 160: assigned 80, coverage 64.00%, success 100.0%, failed 0
2026-09-12 20:22:46,083 - INFO - batch 170: assigned 80, coverage 68.00%, success 100.0%, failed 0
2026-09-12 20:22:59,119 - INFO - batch 180: assigned 80, coverage 72.00%, success 100.0%, failed 0
2026-09-12 20:23:12,018 - INFO - batch 190: assigned 80, coverage 76.00%, success 100.0%, failed 0
2026-09-12 20:23:24,856 - INFO - batch 200: assigned 80, coverage 80.00%, success 100.0%, failed 0
2026-09-12 20:23:37,826 - INFO - batch 210: assigned 80, coverage 84.00%, success 100.0%, failed 0
2026-09-12 20:23:50,642 - INFO - batch 220: assigned 80, coverage 88.00%, success 100.0%, failed 0
2026-09-12 20:24:03,704 - INFO - batch 230: assigned 80, coverage 92.00%, success 100.0%, failed 0
2026-09-12 20:24:16,695 - INFO - batch 240: assigned 80, coverage 96.00%, success 100.0%, failed 0
2026-09-12 20:24:28,338 - INFO - 99.50% coverage threshold reached, completing
