2026-09-12 19:53:08,565 - INFO - PRC-QUBO + SQA stress data generation: cameras=20000 servers=800 capacity_scale=1.000
2026-09-12 19:53:09,567 - INFO - total load 88453.0, base capacity 372165.7, scaled capacity 372165.7, utilization 23.8%
2026-09-12 19:53:09,571 - INFO - PRC-QUBO + SQA processing 250 batches
2026-09-12 19:53:27,695 - INFO - batch 10: assigned 80, coverage 4.00%, success 100.0%, failed 0
2026-09-12 19:53:45,497 - INFO - batch 20: assigned 80, coverage 8.00%, success 100.0%, failed 0
2026-09-12 19:54:03,530 - INFO - batch 30: assigned 80, coverage 12.00%, success 100.0%, failed 0
2026-09-12 19:54:21,180 - INFO - batch 40: assigned 80, coverage 16.00%, success 100.0%, failed 0
2026-09-12 19:54:39,112 - INFO - batch 50: assigned 80, coverage 20.00%, success 100.0%, failed 0
2026-09-12 19:54:56,985 - INFO - batch 60: assigned 80, coverage 24.00%, success 100.0%, failed 0
2026-09-12 19:55:15,363 - INFO - batch 70: assigned 80, coverage 28.00%, success 100.0%, failed 0
2026-09-12 19:55:33,723 - INFO - batch 80: assigned 80, coverage 32.00%, success 100.0%, failed 0
2026-09-12 19:55:51,496 - INFO - batch 90: assigned 80, coverage 36.00%, success 100.0%, failed 0
2026-09-12 19:56:09,554 - INFO - batch 100: assigned 80, coverage 40.00%, success 100.0%, failed 0
2026-09-12 19:56:27,584 - INFO - batch 110: assigned 80, coverage 44.00%, success 100.0%, failed 0
2026-09-12 19:56:45,375 - INFO - batch 120: assigned 80, coverage 48.00%, success 100.0%, failed 0
2026-09-12 19:57:03,096 - INFO - batch 130: assigned 80, coverage 52.00%, success 100.0%, failed 0
2026-09-12 19:58:01,893 - INFO - batch 140: assigned 80, coverage 56.00%, success 100.0%, failed 0
2026-09-12 19:59:11,011 - INFO - batch 150: assigned 80, coverage 60.00%, success 100.0%, failed 0
2026-09-12 20:00:15,896 - INFO - batch 160: assigned 80, coverage 64.00%, success 100.0%, failed 0
2026-09-12 20:01:18,326 - INFO - batch 170: assigned 80, coverage 68.00%, success 100.0%, failed 0
2026-09-12 20:02:17,816 - INFO - batch 180: assigned 80, coverage 72.00%, success 100.0%, failed 0
2026-09-12 20:03:03,107 - INFO - batch 190: assigned 80, coverage 76.00%, success 100.0%, failed 0
2026-09-12 20:03:21,646 - INFO - batch 200: assigned 80, coverage 80.00%, success 100.0%, failed 0
2026-09-12 20:03:37,796 - INFO - batch 210: assigned 80, coverage 84.00%, success 100.0%, failed 0
2026-09-12 20:03:52,573 - INFO - batch 220: assigned 80, coverage 88.00%, success 100.0%, failed 0
2026-09-12 20:04:08,005 - INFO - batch 230: assigned 80, coverage 92.00%, success 100.0%, failed 0
2026-09-12 20:04:22,930 - INFO - batch 240: assigned 80, coverage 96.00%, success 100.0%, failed 0
2026-09-12 20:04:36,938 - INFO - 99.50% coverage threshold reached, completing
